<ul class="breadcrumb">
  <li class="breadcrumb-element"><a class="category-name" href="/categories/HTTP">HTTP</a> <span class="divider">/</span></li><li class="breadcrumb-element"><a class="category-name" href="/categories/HTTP--Client">Client</a> <span class="divider">/</span></li>
</ul>

<div class="row-fluid content">
  
  <div class="span4" role="complementary">
    <h2>Authors</h2>
    <div class="author">ABC</div>
    <div class="author">DEF</div>
  </div>
    
</div>

<div class="doesNotExist">Hey</div>